// Jest Snapshot v1, https://goo.gl/fbAQLP

exports[`Display Recipe.js renders correctly 1`] = `<div />`;
